// Jest Snapshot v1, https://goo.gl/fbAQLP

exports[`should take a snapshot 1`] = `
<DocumentFragment>
  <div>
    <nav
      class="navbar navbar-expand-lg navbar-dark bg-dark"
    >
      <a
        class="navbar-icon "
        href="Logo"
      >
        <img
          alt="Logo"
          src="[object Object]"
        />
      </a>
      <button
        aria-controls="navbarSupportedContent"
        aria-expanded="false"
        aria-label="Toggle navigation"
        class="navbar-toggler"
        data-target="#navbarSupportedContent"
        data-toggle="collapse"
        type="button"
      >
        <span
          class="navbar-toggler-icon"
        />
      </button>
      <div
        class="collapse navbar-collapse"
        id="navbarSupportedContent"
      >
        <ul
          class="navbar-nav ml-auto"
        >
          <li
            class="nav-item"
          >
            <a
              class="nav-link"
              href="Home"
            >
              Home 
              <span
                class="sr-only"
              >
                (current)
              </span>
            </a>
          </li>
          <li
            class="nav-item"
          >
            <a
              class="nav-link"
              href="Projects"
            >
              Projects
            </a>
          </li>
          <li
            class="nav-item"
          >
            <a
              class="nav-link"
              href="About"
            >
              About me
            </a>
          </li>
          <li
            class="nav-item"
          >
            <a
              class="nav-link"
              href="Contact"
            >
              Contact
            </a>
          </li>
        </ul>
      </div>
    </nav>
  </div>
</DocumentFragment>
`;
